C51 COMPILER V9.01   MODULE                                                                03/29/2018 15:00:21 PAGE 1   


C51 COMPILER V9.01, COMPILATION OF MODULE MODULE
OBJECT MODULE PLACED IN module.OBJ
COMPILER INVOKED BY: C:\Keil\C51\BIN\C51.EXE module.c BROWSE DEBUG OBJECTEXTEND

line level    source

   1          #include "module.h"
   2          
   3          void led_on(uchar led)
   4          {
   5   1              P2 = P2 & 0x0f | 0x80;
   6   1              P0 = led;
   7   1              P2 &= 0x0f;
   8   1      
   9   1      }
  10          void module_on(uchar mod)
  11          {
  12   1              P2 = P2 & 0x0f | 0xa0;
  13   1              P0 = mod;
  14   1              P2 &= 0x0f;
  15   1      
  16   1      }


MODULE INFORMATION:   STATIC OVERLAYABLE
   CODE SIZE        =     28    ----
   CONSTANT SIZE    =   ----    ----
   XDATA SIZE       =   ----    ----
   PDATA SIZE       =   ----    ----
   DATA SIZE        =   ----    ----
   IDATA SIZE       =   ----    ----
   BIT SIZE         =   ----    ----
END OF MODULE INFORMATION.


C51 COMPILATION COMPLETE.  0 WARNING(S),  0 ERROR(S)
