C51 COMPILER V9.01   KBD                                                                   03/28/2018 16:03:47 PAGE 1   


C51 COMPILER V9.01, COMPILATION OF MODULE KBD
OBJECT MODULE PLACED IN kbd.OBJ
COMPILER INVOKED BY: C:\Keil\C51\BIN\C51.EXE kbd.c BROWSE DEBUG OBJECTEXTEND

line level    source

   1          #include "kbd.h"
   2          
   3          uint key_pre = 0;
   4          uchar key_re = 0, key_val = 0xff;
   5          
   6          uchar Read_KBD()
   7          {
   8   1              uchar col;
   9   1              P3 = 0xf0; P44 = 1; P42 = 1;
  10   1              if((P3 != 0xf0) || (P44 != 1) || (P42 != 1))
  11   1              {
  12   2                      key_pre ++;
  13   2              }
  14   1              else
  15   1                      key_pre = 0;
  16   1      
  17   1              if(key_pre >= 500)
  18   1              {
  19   2                      key_pre = 0;
  20   2                      key_re = 1;
  21   2      
  22   2                      if(P44 == 0) col = 1;
  23   2                      if(P42 == 0) col = 2;
  24   2                      if( (P3 & 0x20) == 0) col = 3;
  25   2                      if( (P3 & 0x10) == 0) col = 4;
  26   2                      
  27   2                      P3 = 0x0f; P44 = 0; P42 = 0;
  28   2                      
  29   2                      if(( P3 & 0x01) == 0) key_val = col - 1;
  30   2                      if(( P3 & 0x02) == 0) key_val = col + 3;
  31   2                      if(( P3 & 0x04) == 0) key_val = col + 7;
  32   2                      if(( P3 & 0x08) == 0) key_val = col + 11;
  33   2              }
  34   1      
  35   1              P3 = 0x0f; P44 = 0; P42 = 0;
  36   1              if((key_re == 1) && (P3 == 0x0f) )
  37   1              {
  38   2                      key_re = 0;
  39   2                      return key_val;
  40   2              }
  41   1              else
  42   1                      return 0xff;
  43   1      
  44   1      
  45   1      }


MODULE INFORMATION:   STATIC OVERLAYABLE
   CODE SIZE        =    148    ----
   CONSTANT SIZE    =   ----    ----
   XDATA SIZE       =   ----    ----
   PDATA SIZE       =   ----    ----
   DATA SIZE        =      4    ----
   IDATA SIZE       =   ----    ----
   BIT SIZE         =   ----    ----
C51 COMPILER V9.01   KBD                                                                   03/28/2018 16:03:47 PAGE 2   

END OF MODULE INFORMATION.


C51 COMPILATION COMPLETE.  0 WARNING(S),  0 ERROR(S)
