C51 COMPILER V9.01   MAIN                                                                  03/30/2018 11:01:34 PAGE 1   


C51 COMPILER V9.01, COMPILATION OF MODULE MAIN
OBJECT MODULE PLACED IN main.OBJ
COMPILER INVOKED BY: C:\Keil\C51\BIN\C51.EXE main.c BROWSE DEBUG OBJECTEXTEND

line level    source

   1          #include "module.h"
   2          #include "timer.h"
   3          #include "dig.h"
   4          #include "onewire.h"
   5          #include "key.h"
   6          #include "iic.h"
   7          uchar t_max = 30, t_min = 23;
   8          uchar tempe = 0;
   9          bit temp_flag = 0, relay_flag = 0, relay = 0;
  10          
  11          void Delay10ms();
  12          void main()
  13          {
  14   1              uchar temp;
  15   1              led_off();
  16   1              relay_off();
  17   1              Timer2Init();
  18   1              Timer0Init();
  19   1      //
  20   1      //      Write_eeprom(0x00, 30);
  21   1      //      Delay10ms();
  22   1      //      Write_eeprom(0x01, 23);
  23   1      //      Delay10ms();
  24   1      
  25   1              t_max = Read_eeprom(0x00);
  26   1              Delay10ms();
  27   1              t_min = Read_eeprom(0x01);
  28   1              Delay10ms();
  29   1              tempe = Read_Temp();
  30   1              EA = 1;
  31   1              while(1)
  32   1              {
  33   2                      temp = Read_Key();
  34   2                      if(temp != 0xff)
  35   2                      {
  36   3                              switch(temp)
  37   3                              {
  38   4                                      case 4: t_max++; if(t_max >= 99) t_max = 99; Write_eeprom(0x00, t_max); Delay10ms();break;
  39   4                                      case 2: t_max--; if(t_max < t_min) t_max = t_min; Write_eeprom(0x00, t_max); Delay10ms();break;
  40   4                                      case 3: t_min++; if(t_min > t_max) t_min = t_max; Write_eeprom(0x01, t_min); Delay10ms();break;
  41   4                                      case 1: if(t_min == 0) t_min = 1; t_min-- ; Write_eeprom(0x01, t_min); Delay10ms(); break;
  42   4                              }
  43   3                      }
  44   2                      if(temp_flag == 1)
  45   2                      {
  46   3                              temp_flag = 0;
  47   3                              tempe = Read_Temp();
  48   3                              if(tempe < t_min)
  49   3                                      relay = 1;
  50   3                              else
  51   3                                      relay = 0;
  52   3      
  53   3                              if(tempe > t_max)
  54   3                                      TR0 = 1;
  55   3                              else 
C51 COMPILER V9.01   MAIN                                                                  03/30/2018 11:01:34 PAGE 2   

  56   3                              {
  57   4                                      TR0 = 0;
  58   4                                      P34 = 1;
  59   4                              }
  60   3                      }
  61   2                      if(relay_flag == 1)
  62   2                      {
  63   3                              relay_flag = 0;
  64   3                              if(relay == 1)
  65   3                                      relay_on();
  66   3                              else
  67   3                                      relay_off();
  68   3                      
  69   3                      }
  70   2              }
  71   1      }
  72          void Delay10ms()                //@11.0592MHz
  73          {
  74   1              unsigned char i, j;
  75   1      
  76   1              i = 108;
  77   1              j = 145;
  78   1              do
  79   1              {
  80   2                      while (--j);
  81   2              } while (--i);
  82   1      }


MODULE INFORMATION:   STATIC OVERLAYABLE
   CODE SIZE        =    198    ----
   CONSTANT SIZE    =   ----    ----
   XDATA SIZE       =   ----    ----
   PDATA SIZE       =   ----    ----
   DATA SIZE        =      3    ----
   IDATA SIZE       =   ----    ----
   BIT SIZE         =      3    ----
END OF MODULE INFORMATION.


C51 COMPILATION COMPLETE.  0 WARNING(S),  0 ERROR(S)
